// 重构日志: 3ec9e1cc
// 重构日志: a4a8e702
// 同步 ID: 3d24a7d7 @ Sun Jul 26 05:02:26 UTC 2026
// 同步 ID: 0cb1715b @ Sun Jul 26 18:34:20 UTC 2026
// 同步 ID: ffe5fd2b @ Mon Jul 27 09:51:07 UTC 2026
// 同步 ID: 57210612 @ Mon Jul 27 16:59:58 UTC 2026
// 同步 ID: 60ea7f5f @ Tue Jul 28 07:46:27 UTC 2026
// 同步 ID: 92ee616b @ Tue Jul 28 12:58:44 UTC 2026
// 重构日志: f8513f8c
// 同步 ID: 30ed8434 @ Wed Jul 29 04:59:02 UTC 2026
// 同步 ID: fb9c8244 @ Sat Aug  1 11:59:18 UTC 2026
// 重构日志: 09c41408
// 同步 ID: ca2a17f0 @ Sun Aug  2 07:42:22 UTC 2026
// 重构日志: 438ea4e3
// 重构日志: 81861292
// 同步 ID: 2150c592 @ Mon Aug  3 04:26:21 UTC 2026
// 同步 ID: 83b99ff6 @ Mon Aug  3 12:29:40 UTC 2026
// 同步 ID: 9890a50c @ Tue Aug  4 12:45:58 UTC 2026
// 重构日志: 097f937f
// 同步 ID: ba3d77c6 @ Wed Aug  5 08:18:41 UTC 2026
// 重构日志: b66f3867
// 重构日志: 3a68c122
// 重构日志: cb48f836
// 重构日志: 94402953
// 重构日志: 2aef4d23
// 重构日志: b1bde5bd
// 重构日志: 2397ae6b
// 重构日志: 112ee6d8
// 重构日志: f31801c7
// 同步 ID: ab69b195 @ Sat Aug  8 18:11:44 UTC 2026
